
> src_frontend@0.0.0 build
> tsc -b && vite build

[36mvite v7.3.1 [32mbuilding client environment for production...[36m[39m
transforming...
[32m??[39m 506 modules transformed.
rendering chunks...
computing gzip size...
[2mdist/[22m[32mindex.html                 [39m[1m[2m  0.74 kB[22m[1m[22m[2m ??gzip:   0.43 kB[22m
[2mdist/[22m[35massets/index-DqVXzDPY.css  [39m[1m[2m257.73 kB[22m[1m[22m[2m ??gzip:  36.84 kB[22m
[2mdist/[22m[36massets/index-Col1QuJq.js   [39m[1m[33m728.81 kB[39m[22m[2m ??gzip: 224.76 kB[22m
node.exe : [33m
位於 線路:1 字元:1
+ & "C:\Program Files\nodejs/node.ex
e" "C:\Users\bihro\AppData\Roaming\ 
...
+ ~~~~~~~~~~~~~~~~~~~~~~~~~~~~~~~~~~
~~~~~~~~~~~~~~~~~~~~~~~~~~~~~~~~~~~
    + CategoryInfo          :     No
tSpecified: ([33m:Str    ing) [], R
emoteException
    + FullyQualifiedErrorId :     Na
tiveCommandError
 
(!) Some chunks are larger than 500 
kB after minification. Consider:
- Using dynamic import() to code-spl
it the application
- Use build.rollupOptions.output.man
ualChunks to improve chunking: https
://rollupjs.org/configuration-option
s/#output-manualchunks
- Adjust chunk size limit for this w
arning via build.chunkSizeWarningLim
it.[39m
[32m??built in 2.93s[39m
